// Jest Snapshot v1, https://goo.gl/fbAQLP

exports[`Should render ExpenseListItem component 1`] = `
<div>
  <Link
    replace={false}
    to="/edit/2"
  >
    Edit
  </Link>
  <p>
    Description: 
    Battletoads
  </p>
  <p>
    Amount: 
    40
     - Created at: 
    -345600000
  </p>
</div>
`;
